// Jest Snapshot v1, https://goo.gl/fbAQLP

exports[`buildImportItems 1`] = `
Array [
  Object {
    "absImportPath": "/Users/ericbiewener/Active Projects/VS Code Extensions/vandelay/vandelay-js/test/es5/src2/file1.js",
    "description": "src2/file1",
    "exportType": 1,
    "isExtraImport": undefined,
    "label": "src2_file1_1",
  },
  Object {
    "absImportPath": "/Users/ericbiewener/Active Projects/VS Code Extensions/vandelay/vandelay-js/test/es5/module1",
    "description": "module1",
    "exportType": 0,
    "isExtraImport": true,
    "label": "defaultModule1",
  },
  Object {
    "absImportPath": "/Users/ericbiewener/Active Projects/VS Code Extensions/vandelay/vandelay-js/test/es5/module1_file2",
    "description": "module1_file2",
    "exportType": 0,
    "isExtraImport": true,
    "label": "defaultModule_file2",
  },
  Object {
    "absImportPath": "/Users/ericbiewener/Active Projects/VS Code Extensions/vandelay/vandelay-js/test/es5/module2",
    "description": "module2",
    "exportType": 1,
    "isExtraImport": true,
    "label": "module2_1",
  },
  Object {
    "absImportPath": "/Users/ericbiewener/Active Projects/VS Code Extensions/vandelay/vandelay-js/test/es5/module2",
    "description": "module2",
    "exportType": 1,
    "isExtraImport": true,
    "label": "module2_2 as module2_2_renamed",
  },
  Object {
    "absImportPath": "/Users/ericbiewener/Active Projects/VS Code Extensions/vandelay/vandelay-js/test/es5/module2",
    "description": "module2",
    "exportType": 1,
    "isExtraImport": true,
    "label": "module2_3",
  },
  Object {
    "absImportPath": "/Users/ericbiewener/Active Projects/VS Code Extensions/vandelay/vandelay-js/test/es5/module2",
    "description": "module2",
    "exportType": 1,
    "isExtraImport": true,
    "label": "module2_src2_1",
  },
  Object {
    "absImportPath": "/Users/ericbiewener/Active Projects/VS Code Extensions/vandelay/vandelay-js/test/es5/module2",
    "description": "module2",
    "exportType": 2,
    "isExtraImport": true,
    "label": "module2_t_1",
  },
  Object {
    "absImportPath": "/Users/ericbiewener/Active Projects/VS Code Extensions/vandelay/vandelay-js/test/es5/src1/file2.js",
    "description": "src1/file2",
    "exportType": 1,
    "isExtraImport": undefined,
    "label": "src1_file2_1",
  },
  Object {
    "absImportPath": "/Users/ericbiewener/Active Projects/VS Code Extensions/vandelay/vandelay-js/test/es5/src1/file2.js",
    "description": "src1/file2",
    "exportType": 1,
    "isExtraImport": undefined,
    "label": "src1_file2_2",
  },
  Object {
    "absImportPath": "/Users/ericbiewener/Active Projects/VS Code Extensions/vandelay/vandelay-js/test/es5/src1/file2.js",
    "description": "src1/file2",
    "exportType": 1,
    "isExtraImport": undefined,
    "label": "src1_file2_3",
  },
  Object {
    "absImportPath": "/Users/ericbiewener/Active Projects/VS Code Extensions/vandelay/vandelay-js/test/es5/src1/file2.js",
    "description": "src1/file2",
    "exportType": 1,
    "isExtraImport": undefined,
    "label": "src1_file2_4",
  },
  Object {
    "absImportPath": "/Users/ericbiewener/Active Projects/VS Code Extensions/vandelay/vandelay-js/test/es5/src1/file2.js",
    "description": "src1/file2",
    "exportType": 1,
    "isExtraImport": undefined,
    "label": "src1_file2_5",
  },
  Object {
    "absImportPath": "/Users/ericbiewener/Active Projects/VS Code Extensions/vandelay/vandelay-js/test/es5/src1/file2.js",
    "description": "src1/file2",
    "exportType": 1,
    "isExtraImport": undefined,
    "label": "src1_file2_t_1",
  },
  Object {
    "absImportPath": "/Users/ericbiewener/Active Projects/VS Code Extensions/vandelay/vandelay-js/test/es5/src1/file2.js",
    "description": "src1/file2",
    "exportType": 1,
    "isExtraImport": undefined,
    "label": "src1_file2_t_2",
  },
  Object {
    "absImportPath": "/Users/ericbiewener/Active Projects/VS Code Extensions/vandelay/vandelay-js/test/es5/src1/file3.js",
    "description": "src1/file3",
    "exportType": 0,
    "isExtraImport": undefined,
    "label": "file3",
  },
  Object {
    "absImportPath": "/Users/ericbiewener/Active Projects/VS Code Extensions/vandelay/vandelay-js/test/es5/src1/subdir/file1.js",
    "description": "src1/subdir/file1",
    "exportType": 1,
    "isExtraImport": undefined,
    "label": "src1_subdir_file1_1",
  },
]
`;

exports[`cacheProject 1`] = `
Object {
  "_extraImports": Object {
    "module1": Object {
      "default": "defaultModule1",
      "isExtraImport": true,
    },
    "module1_file2": Object {
      "default": "defaultModule_file2",
      "isExtraImport": true,
    },
    "module2": Object {
      "isExtraImport": true,
      "named": Array [
        "module2_1",
        "module2_2 as module2_2_renamed",
        "module2_3",
        "module2_src2_1",
      ],
      "types": Array [
        "module2_t_1",
      ],
    },
  },
  "src1/file1.js": Object {
    "named": Array [
      "src1_file1_1",
      "src1_file1_2",
      "src1_file1_3",
      "src1_file1_4",
      "src1_file1_5",
      "src1_file1_t_1",
      "src1_file1_t_2",
    ],
  },
  "src1/file2.js": Object {
    "named": Array [
      "src1_file2_1",
      "src1_file2_2",
      "src1_file2_3",
      "src1_file2_4",
      "src1_file2_5",
      "src1_file2_t_1",
      "src1_file2_t_2",
    ],
  },
  "src1/file3.js": Object {
    "default": "file3",
  },
  "src1/subdir/file1.js": Object {
    "named": Array [
      "src1_subdir_file1_1",
    ],
  },
  "src2/file1.js": Object {
    "named": Array [
      "src2_file1_1",
    ],
  },
}
`;
