// Jest Snapshot v1, https://goo.gl/fbAQLP

exports[`Something 1 1`] = `
Object {
  "_extraImports": Object {
    "module1": Object {
      "default": "defaultModule1",
      "isExtraImport": true,
    },
    "module1_file2": Object {
      "default": "defaultModule_file2",
      "isExtraImport": true,
    },
    "module2": Object {
      "isExtraImport": true,
      "named": Array [
        "module2_1",
        "module2_2 as module2_2_renamed",
        "module2_3",
      ],
      "types": Array [
        "module2_t_1",
      ],
    },
    "module3": Object {
      "default": "defaultModule3",
      "isExtraImport": true,
      "named": Array [
        "module3_1",
        "module3_2 as module3_2_renamed",
        "module3_3",
      ],
    },
    "module4": Object {
      "default": "defaultModule4",
      "isExtraImport": true,
      "named": Array [
        "module4_1",
        "module4_2 as module4_2_renamed",
        "module4_3",
      ],
    },
    "module5": Object {
      "default": "defaultModule5",
      "isExtraImport": true,
      "named": Array [
        "module5_1",
        "module5_2 as module4_2_renamed",
        "module5_3",
      ],
      "types": Array [
        "module5_t_1",
      ],
    },
  },
  "src1/file1.js": Object {
    "default": "file1",
    "named": Array [
      "src1_file1_1",
      "src1_file1_2",
      "src1_file1_3",
      "src1_file1_4",
      "src1_file1_5",
    ],
    "reexported": Array [
      "src1_file1_1",
      "src1_file1_2",
      "src1_file1_3",
      "src1_file1_4",
      "src1_file1_5",
    ],
    "types": Array [
      "src1_file1_t_1",
      "src1_file1_t_2",
    ],
  },
  "src1/file2.js": Object {
    "default": "file2",
    "named": Array [
      "src1_file2_1",
      "src1_file2_2",
      "src1_file2_3",
      "src1_file2_4",
      "src1_file2_5",
    ],
    "reexported": Array [
      "src1_file2_1",
      "src1_file2_2",
      "src1_file2_t1",
      "src1_file2_3",
    ],
    "types": Array [
      "src1_file2_t_1",
      "src1_file2_t_2",
    ],
  },
  "src1/file3.js": Object {
    "default": "file3",
    "named": Array [
      "src1_file3_1",
      "src1_file3_2",
      "src1_file3_3",
      "src1_file3_4",
      "src1_file3_5",
    ],
    "reexported": Array [
      "src1_file3_1",
      "src1_file3_t1",
      "src1_file3_2",
      "src1_file3_t2",
      "src1_file3_3",
    ],
    "types": Array [
      "src1_file3_t_1",
      "src1_file3_t_2",
    ],
  },
  "src1/file4.js": Object {
    "default": "file4",
    "named": Array [
      "src1_file4_1",
      "src1_file4_2",
      "src1_file4_3",
      "src1_file4_4",
      "src1_file4_5",
    ],
    "reexported": Array [
      "src1_file4_1",
      "src1_file4_2",
      "src1_file2_3",
    ],
    "types": Array [
      "src1_file4_t_1",
      "src1_file4_t_2",
    ],
  },
  "src1/file5.js": Object {
    "default": "file5",
    "named": Array [
      "src1_file5_1",
      "src1_file5_2",
      "src1_file5_3",
      "src1_file5_4",
      "src1_file5_5",
    ],
    "types": Array [
      "src1_file5_t_1",
      "src1_file5_t_2",
    ],
  },
  "src1/file6.js": Object {
    "default": "file6",
    "named": Array [
      "src1_file6_1",
      "src1_file6_2",
      "src1_file6_3",
      "src1_file6_4",
      "src1_file6_5",
    ],
    "types": Array [
      "src1_file6_t_1",
      "src1_file6_t_2",
    ],
  },
  "src1/file7.js": Object {
    "default": "file7",
    "named": Array [
      "src1_file7_1",
      "src1_file7_2",
      "src1_file7_3",
      "src1_file7_4",
      "src1_file7_5",
    ],
    "types": Array [
      "src1_file7_t_1",
      "src1_file7_t_2",
    ],
  },
  "src1/index.js": Object {
    "named": Array [
      "from",
      "file5default",
      "file6default",
      "file7default",
      "src1_file2_1",
      "src1_file2_2_renamed",
      "src1_file2_3",
      "src1_file3_1",
      "src1_file3_2_renamed",
      "src1_file3_3",
      "src1_file4_1",
      "src1_file4_2_renamed",
      "src1_file2_3",
      "src1_file1_1",
      "src1_file1_2",
      "src1_file1_3",
      "src1_file1_4",
      "src1_file1_5",
    ],
    "types": Array [
      "src1_file2_t1",
      "src1_file3_t1",
      "src1_file3_t2",
    ],
  },
  "src1/subdir/file1.js": Object {
    "named": Array [
      "src1_subdir_file1_1",
    ],
  },
  "src2/file1.js": Object {
    "named": Array [
      "src2_file1_1",
    ],
  },
}
`;

exports[`cacheProject 1`] = `
Object {
  "_extraImports": Object {
    "module1": Object {
      "default": "defaultModule1",
      "isExtraImport": true,
    },
    "module1_file2": Object {
      "default": "defaultModule_file2",
      "isExtraImport": true,
    },
    "module2": Object {
      "isExtraImport": true,
      "named": Array [
        "module2_1",
        "module2_2 as module2_2_renamed",
        "module2_3",
      ],
      "types": Array [
        "module2_t_1",
      ],
    },
    "module3": Object {
      "default": "defaultModule3",
      "isExtraImport": true,
      "named": Array [
        "module3_1",
        "module3_2 as module3_2_renamed",
        "module3_3",
      ],
    },
    "module4": Object {
      "default": "defaultModule4",
      "isExtraImport": true,
      "named": Array [
        "module4_1",
        "module4_2 as module4_2_renamed",
        "module4_3",
      ],
    },
    "module5": Object {
      "default": "defaultModule5",
      "isExtraImport": true,
      "named": Array [
        "module5_1",
        "module5_2 as module4_2_renamed",
        "module5_3",
      ],
      "types": Array [
        "module5_t_1",
      ],
    },
  },
  "src1/file1.js": Object {
    "default": "file1",
    "named": Array [
      "src1_file1_1",
      "src1_file1_2",
      "src1_file1_3",
      "src1_file1_4",
      "src1_file1_5",
    ],
    "reexported": Array [
      "src1_file1_1",
      "src1_file1_2",
      "src1_file1_3",
      "src1_file1_4",
      "src1_file1_5",
    ],
    "types": Array [
      "src1_file1_t_1",
      "src1_file1_t_2",
    ],
  },
  "src1/file2.js": Object {
    "default": "file2",
    "named": Array [
      "src1_file2_1",
      "src1_file2_2",
      "src1_file2_3",
      "src1_file2_4",
      "src1_file2_5",
    ],
    "reexported": Array [
      "src1_file2_1",
      "src1_file2_2",
      "src1_file2_t1",
      "src1_file2_3",
    ],
    "types": Array [
      "src1_file2_t_1",
      "src1_file2_t_2",
    ],
  },
  "src1/file3.js": Object {
    "default": "file3",
    "named": Array [
      "src1_file3_1",
      "src1_file3_2",
      "src1_file3_3",
      "src1_file3_4",
      "src1_file3_5",
    ],
    "reexported": Array [
      "src1_file3_1",
      "src1_file3_t1",
      "src1_file3_2",
      "src1_file3_t2",
      "src1_file3_3",
    ],
    "types": Array [
      "src1_file3_t_1",
      "src1_file3_t_2",
    ],
  },
  "src1/file4.js": Object {
    "default": "file4",
    "named": Array [
      "src1_file4_1",
      "src1_file4_2",
      "src1_file4_3",
      "src1_file4_4",
      "src1_file4_5",
    ],
    "reexported": Array [
      "src1_file4_1",
      "src1_file4_2",
      "src1_file2_3",
    ],
    "types": Array [
      "src1_file4_t_1",
      "src1_file4_t_2",
    ],
  },
  "src1/file5.js": Object {
    "default": "file5",
    "named": Array [
      "src1_file5_1",
      "src1_file5_2",
      "src1_file5_3",
      "src1_file5_4",
      "src1_file5_5",
    ],
    "types": Array [
      "src1_file5_t_1",
      "src1_file5_t_2",
    ],
  },
  "src1/file6.js": Object {
    "default": "file6",
    "named": Array [
      "src1_file6_1",
      "src1_file6_2",
      "src1_file6_3",
      "src1_file6_4",
      "src1_file6_5",
    ],
    "types": Array [
      "src1_file6_t_1",
      "src1_file6_t_2",
    ],
  },
  "src1/file7.js": Object {
    "default": "file7",
    "named": Array [
      "src1_file7_1",
      "src1_file7_2",
      "src1_file7_3",
      "src1_file7_4",
      "src1_file7_5",
    ],
    "types": Array [
      "src1_file7_t_1",
      "src1_file7_t_2",
    ],
  },
  "src1/index.js": Object {
    "named": Array [
      "from",
      "file5default",
      "file6default",
      "file7default",
      "src1_file2_1",
      "src1_file2_2_renamed",
      "src1_file2_3",
      "src1_file3_1",
      "src1_file3_2_renamed",
      "src1_file3_3",
      "src1_file4_1",
      "src1_file4_2_renamed",
      "src1_file2_3",
      "src1_file1_1",
      "src1_file1_2",
      "src1_file1_3",
      "src1_file1_4",
      "src1_file1_5",
    ],
    "types": Array [
      "src1_file2_t1",
      "src1_file3_t1",
      "src1_file3_t2",
    ],
  },
  "src1/subdir/file1.js": Object {
    "named": Array [
      "src1_subdir_file1_1",
    ],
  },
  "src2/file1.js": Object {
    "named": Array [
      "src2_file1_1",
    ],
  },
}
`;
