// Jest Snapshot v1, https://goo.gl/fbAQLP

exports[`import - preferTypeOutside = false - import - preferTypeOutside = false 1`] = `
"import defaultModule1 from 'module1'
import defaultModule_file2 from 'module1_file2'
import { module2_1, module2_2 as module2_2_renamed, module2_3, module2_src2_1,
  type module2_t_1 } from 'module2'
import defaultModule3, { module3_1, module3_2 as module3_2_renamed, module3_3,
  type module3_typeInside, type module3_typeOutside } from 'module3'
import defaultModule4, { module4_1, module4_2 as module4_2_renamed, module4_3 } from 'module4'
import defaultModule5, { module5_1, module5_2 as module4_2_renamed, module5_3,
  type module5_t_1 } from 'module5'
import * as FullModule from 'module6'
import { type module7_typeOutside_1, type module7_typeOutside_2 } from 'module7'
import { src2_file1_1 } from '../src2/file1'
import src1, { src1_file2_2_renamed, src1_file3_2_renamed, src1_file4_2_renamed,
  src1_file5_2_renamed, src1_file7_2_renamed } from './'
import file2, { src1_file2_1, src1_file2_2, src1_file2_3, src1_file2_4, src1_file2_5,
  type src1_file2_t_1, type src1_file2_t_2 } from './file2'
import file3, { src1_file3_1, src1_file3_2, src1_file3_3, src1_file3_4, src1_file3_5,
  type src1_file3_t_1, type src1_file3_t_2 } from './file3'
import file4, { src1_file4_1, src1_file4_2, src1_file4_3, src1_file4_4, src1_file4_5,
  type src1_file4_t_1, type src1_file4_t_2 } from './file4'
import file5, { src1_file5_1, src1_file5_2, src1_file5_3, src1_file5_4, src1_file5_5,
  type src1_file5_t_1, type src1_file5_t_2 } from './file5'
import file6, { src1_file6_1, src1_file6_2, src1_file6_3, src1_file6_4, src1_file6_5,
  type src1_file6_t_1, type src1_file6_t_2 } from './file6'
import * as AllFile7Exports, { src1_file7_1, src1_file7_2, src1_file7_3, src1_file7_4, src1_file7_5,
  type src1_file7_t_1, type src1_file7_t_2 } from './file7'
import { src1_subdir_file1_1 } from './subdir/file1'
"
`;
